============================= test session starts =============================
platform win32 -- Python 3.11.8, pytest-8.4.2, pluggy-1.6.0
rootdir: C:\Users\Usuario\Workspace\01_Proyectos\anclora-nexus
plugins: anyio-4.11.0, langsmith-0.6.8, asyncio-1.2.0
asyncio: mode=Mode.STRICT, debug=False, asyncio_default_fixture_loop_scope=None, asyncio_default_test_loop_scope=function
collected 39 items / 1 error

=================================== ERRORS ====================================
__ ERROR collecting sdd/features/intelligence/tests/test-code/test_skills.py __
sdd\features\intelligence\tests\test-code\test_skills.py:7: in <module>
    from sdd.features.intelligence.skills.lead_intake import run_lead_intake
sdd\features\intelligence\skills\__init__.py:6: in <module>
    from .lead_intake import run_lead_intake
sdd\features\intelligence\skills\lead_intake.py:13: in <module>
    from backend.services.llm_service import LLMService
backend\services\llm_service.py:3: in <module>
    from backend.config import settings
backend\config.py:24: in <module>
    settings = Settings()
               ^^^^^^^^^^
..\..\..\AppData\Local\Programs\Python\Python311\Lib\site-packages\pydantic_settings\main.py:188: in __init__
    super().__init__(
E   pydantic_core._pydantic_core.ValidationError: 2 validation errors for Settings
E   SUPABASE_URL
E     Field required [type=missing, input_value={'OPENAI_API_KEY': 'sk-pr...kdQwgnWNReilDMblYTn_I0'}, input_type=dict]
E       For further information visit https://errors.pydantic.dev/2.11/v/missing
E   SUPABASE_ANON_KEY
E     Field required [type=missing, input_value={'OPENAI_API_KEY': 'sk-pr...kdQwgnWNReilDMblYTn_I0'}, input_type=dict]
E       For further information visit https://errors.pydantic.dev/2.11/v/missing
============================== warnings summary ===============================
backend\intelligence\models.py:16
  C:\Users\Usuario\Workspace\01_Proyectos\anclora-nexus\backend\intelligence\models.py:16: MovedIn20Warning: The ``declarative_base()`` function is now available as sqlalchemy.orm.declarative_base(). (deprecated since: 2.0) (Background on SQLAlchemy 2.0 at: https://sqlalche.me/e/b8d9)
    Base = declarative_base()

-- Docs: https://docs.pytest.org/en/stable/how-to/capture-warnings.html
=========================== short test summary info ===========================
ERROR sdd/features/intelligence/tests/test-code/test_skills.py - pydantic_cor...
!!!!!!!!!!!!!!!!!!! Interrupted: 1 error during collection !!!!!!!!!!!!!!!!!!!!
========================= 1 warning, 1 error in 6.22s =========================
